[www.priyankatraders.com/index.html]
[backblue.gif]
[fade.gif]
[index.html]
[cdn.jsdelivr.net/npm/bootstrap@5.0.1/dist/css/bootstrap.min.css]
[kit.fontawesome.com/e0af66649b.js]
[cdnjs.cloudflare.com/ajax/libs/slick-carousel/1.9.0/slick-theme.min.css]
[cdnjs.cloudflare.com/ajax/libs/slick-carousel/1.9.0/slick.min.css]
[www.priyankatraders.com/static/main/img/favicon.jpg]
[www.priyankatraders.com/static/main/img/logo.png]
[www.priyankatraders.com/static/main/img/search.png]
[www.priyankatraders.com/static/main/img/close.png]
[www.priyankatraders.com/static/main/img/01.jpg]
[www.priyankatraders.com/static/main/img/02.jpg]
[www.priyankatraders.com/static/main/img/03.jpg]
[www.priyankatraders.com/about-us/index.html]
[www.priyankatraders.com/static/main/img/04.jpg]
[www.priyankatraders.com/static/main/img/05.jpg]
[www.priyankatraders.com/static/main/img/06.jpg]
[www.priyankatraders.com/contact-us/index.html]
[code.jquery.com/jquery-2.2.4.min.js]
[www.priyankatraders.com/static/main/js/Nivo-Slider-jQuery-master/jquery.nivo.slider.js]
[www.priyankatraders.com/static/main/img/paints.jpg]
[www.priyankatraders.com/static/main/img/sanitary-ware.jpg]
[www.priyankatraders.com/static/main/img/bathroom-accessories.jpg]
[www.priyankatraders.com/static/main/img/electric-appliances.jpg]
[www.priyankatraders.com/static/main/img/hardware.jpg]
[www.priyankatraders.com/static/main/img/plumbing.jpg]
[www.priyankatraders.com/product/smartcare-tile-grout-epoxy-based.html]
[www.priyankatraders.com/images/SmartCare_Tile_Grout_-_Epoxy_Based.jpg]
[www.priyankatraders.com/product/smartcare-epoxy-triblock.html]
[www.priyankatraders.com/images/SmartCare_Epoxy_TriBlock.jpg]
[www.priyankatraders.com/product/smartcare-damp-proof.html]
[www.priyankatraders.com/images/Smartcare_damp_proof.jpg]
[www.priyankatraders.com/product/smartcare-tile-adhesive.html]
[www.priyankatraders.com/images/Smartcare_Tile_Adhesive_for_Normal_Application.jpg]
[www.priyankatraders.com/product/smartcare-tile-adhesive-for-tile-on-tile-application.html]
[www.priyankatraders.com/images/SmartCare_Tile_Adhesive_for_Tile-on-Tile_Application.jpg]
[www.priyankatraders.com/product/soap-dish.html]
[www.priyankatraders.com/images/A_05.jpg]
[www.priyankatraders.com/product/ladder.html]
[www.priyankatraders.com/images/H_03.jpg]
[www.priyankatraders.com/product/plywood-cutter.html]
[www.priyankatraders.com/images/E_05.jpg]
[www.priyankatraders.com/static/main/img/trending-bg.jpg]
[www.priyankatraders.com/static/main/js/script.js]
[cdn.jsdelivr.net/npm/bootstrap@5.0.1/dist/js/bootstrap.bundle.min.js]
[cdnjs.cloudflare.com/ajax/libs/jquery/3.6.0/jquery.js]
[www.priyankatraders.com/index.html]
[www.priyankatraders.com/static/main/css/style.css]
[cdn.jsdelivr.net/npm/bootstrap@5.0.1/dist/css/bootstrap.min.css]
[cdnjs.cloudflare.com/ajax/libs/slick-carousel/1.9.0/slick.min.js]
[cdnjs.cloudflare.com/ajax/libs/slick-carousel/1.9.0/ajax-loader.gif]
[cdnjs.cloudflare.com/ajax/libs/slick-carousel/1.9.0/fonts/slick.eot]
[cdnjs.cloudflare.com/ajax/libs/slick-carousel/1.9.0/fonts/slickd41d.eot]
[cdnjs.cloudflare.com/ajax/libs/slick-carousel/1.9.0/fonts/slick.woff]
[cdnjs.cloudflare.com/ajax/libs/slick-carousel/1.9.0/fonts/slick.ttf]
[cdnjs.cloudflare.com/ajax/libs/slick-carousel/1.9.0/fonts/slick.svg]
[cdnjs.cloudflare.com/ajax/libs/slick-carousel/1.9.0/slick-theme.min.css]
[cdnjs.cloudflare.com/ajax/libs/slick-carousel/1.9.0/slick.min.css]
[www.priyankatraders.com/static/main/js/Nivo-Slider-jQuery-master/themes/default/loading.gif]
[www.priyankatraders.com/static/main/js/Nivo-Slider-jQuery-master/themes/default/bullets.png]
[www.priyankatraders.com/static/main/js/Nivo-Slider-jQuery-master/themes/default/arrows.png]
[www.priyankatraders.com/static/main/js/Nivo-Slider-jQuery-master/themes/default/default.css]
[www.priyankatraders.com/static/main/js/Nivo-Slider-jQuery-master/nivo-slider.css]
[www.googletagmanager.com/gtm5445.html]
[www.priyankatraders.com/static/main/img/priyanka-traders.png]
[www.priyankatraders.com/about-us/index.html]
[www.priyankatraders.com/static/main/img/Get In Touch 01.png]
[www.priyankatraders.com/static/main/img/Get In Touch 02.png]
[www.priyankatraders.com/contact-us/index.html]
[www.priyankatraders.com/images/Ace_sparc.jpg]
[www.priyankatraders.com/product/ace-sparc.html]
[www.priyankatraders.com/images/Ace_sparc_advance.jpg]
[www.priyankatraders.com/product/ace-sparc-advance.html]
[www.priyankatraders.com/images/ace_exterior_emule.jpg]
[www.priyankatraders.com/product/ace-exterior-emulsion.html]
[www.priyankatraders.com/images/ace_advance.jpg]
[www.priyankatraders.com/product/ace-advanced.html]
[www.priyankatraders.com/images/ace_shyne.jpg]
[www.priyankatraders.com/product/ace-shyne.html]
[www.priyankatraders.com/images/apex_dust_proof.jpg]
[www.priyankatraders.com/product/apex-dust-proof-emulsion.html]
[www.priyankatraders.com/images/apex_ultimate.jpg]
[www.priyankatraders.com/product/apex-ultima.html]
[www.priyankatraders.com/images/apex_ultima_protek_top_coat.jpg]
[www.priyankatraders.com/product/apex-ultima-protek-top-coat.html]
[www.priyankatraders.com/images/apex_ultima_protek_duaralife.jpg]
[www.priyankatraders.com/product/apex-ultima-protek-duralife.html]
[www.priyankatraders.com/category/paints.html]
[www.priyankatraders.com/static/main/img/left.png]
[www.priyankatraders.com/product/smartcare-tile-grout-epoxy-based.html]
[www.priyankatraders.com/product/smartcare-epoxy-triblock.html]
[www.priyankatraders.com/product/smartcare-damp-proof.html]
[www.priyankatraders.com/product/smartcare-tile-adhesive.html]
[www.priyankatraders.com/product/smartcare-tile-adhesive-for-tile-on-tile-application.html]
[www.priyankatraders.com/images/F_01.jpg]
[www.priyankatraders.com/product/bib-cock.html]
[www.priyankatraders.com/images/F_02.jpg]
[www.priyankatraders.com/product/pillar-cock.html]
[www.priyankatraders.com/images/F_03.jpg]
[www.priyankatraders.com/product/angle-cock.html]
[www.priyankatraders.com/images/F_04.jpg]
[www.priyankatraders.com/product/sink-cock.html]
[www.priyankatraders.com/images/F_05.jpg]
[www.priyankatraders.com/product/swan-neck-cock.html]
[www.priyankatraders.com/images/F_06.jpg]
[www.priyankatraders.com/product/wall-mixer.html]
[www.priyankatraders.com/images/F_07.jpg]
[www.priyankatraders.com/product/divertors.html]
[www.priyankatraders.com/images/F_08.jpg]
[www.priyankatraders.com/product/flush-cock.html]
[www.priyankatraders.com/images/F_09.jpg]
[www.priyankatraders.com/product/sensor-taps.html]
[www.priyankatraders.com/product/soap-dish.html]
[www.priyankatraders.com/category/bathroom-accessories.html]
[www.priyankatraders.com/images/H_01.jpg]
[www.priyankatraders.com/product/nails-screws-and-fasteners.html]
[www.priyankatraders.com/images/H_02.jpg]
[www.priyankatraders.com/product/padlocks-and-hasps.html]
[www.priyankatraders.com/images/H_04.jpg]
[www.priyankatraders.com/product/screwdriver.html]
[www.priyankatraders.com/images/H_05.jpg]
[www.priyankatraders.com/product/hand-tools.html]
[www.priyankatraders.com/images/H_06.jpg]
[www.priyankatraders.com/product/hammer.html]
[www.priyankatraders.com/images/H_07.jpg]
[www.priyankatraders.com/product/garden-tools.html]
[www.priyankatraders.com/images/H_08.jpg]
[www.priyankatraders.com/product/parda-pie-and-bracket.html]
[www.priyankatraders.com/images/H_10.jpg]
[www.priyankatraders.com/product/measuring-tapes.html]
[www.priyankatraders.com/product/ladder.html]
[www.priyankatraders.com/category/hardware.html]
[www.priyankatraders.com/images/H_11.jpg]
[www.priyankatraders.com/product/cutting-blades.html]
[www.priyankatraders.com/images/E_01.jpg]
[www.priyankatraders.com/product/drill-machines.html]
[www.priyankatraders.com/images/E_02.jpg]
[www.priyankatraders.com/product/air-blower.html]
[www.priyankatraders.com/images/E_03.jpg]
[www.priyankatraders.com/product/hand-grinder.html]
[www.priyankatraders.com/images/E_04.jpg]
[www.priyankatraders.com/product/marble-cutter-tile-cutter.html]
[www.priyankatraders.com/images/E_06.jpg]
[www.priyankatraders.com/product/wall-sander.html]
[www.priyankatraders.com/images/water-heater.jpg]
[www.priyankatraders.com/product/water-heater.html]
[www.priyankatraders.com/images/water-pump.jpg]
[www.priyankatraders.com/product/water-pumps.html]
[www.priyankatraders.com/product/plywood-cutter.html]
[www.priyankatraders.com/category/electric-appliances.html]
[cdnjs.cloudflare.com/ajax/libs/slick-carousel/1.9.0/fonts/slick.svg]
[www.priyankatraders.com/product/ace-sparc.html]
[www.priyankatraders.com/product/ace-sparc-advance.html]
[www.priyankatraders.com/product/ace-exterior-emulsion.html]
[www.priyankatraders.com/product/ace-advanced.html]
[www.priyankatraders.com/product/ace-shyne.html]
[www.priyankatraders.com/product/apex-dust-proof-emulsion.html]
[www.priyankatraders.com/product/apex-ultima.html]
[www.priyankatraders.com/product/apex-ultima-protek-top-coat.html]
[www.priyankatraders.com/product/apex-ultima-protek-duralife.html]
[www.priyankatraders.com/static/main/img/arrow.png]
[www.priyankatraders.com/product/surksha-plus.html]
[www.priyankatraders.com/images/Suraksha-Plus.jpg]
[www.priyankatraders.com/product/nerolac-suraksha-dust-resist.html]
[www.priyankatraders.com/images/Suraksha_dust_resist.jpg]
[www.priyankatraders.com/product/suraksha-advanced.html]
[www.priyankatraders.com/images/Suraksha-Advanced.jpg]
[www.priyankatraders.com/product/suraksha-sheen.html]
[www.priyankatraders.com/images/Nerolac-Suraksha-sheen.jpg]
[www.priyankatraders.com/product/excel-total.html]
[www.priyankatraders.com/images/Excel-Total.jpg]
[www.priyankatraders.com/product/excel-mica-marble.html]
[www.priyankatraders.com/images/Excel-mica-marbel.jpg]
[www.priyankatraders.com/product/exterior-emulsion.html]
[www.priyankatraders.com/images/exterior-emulsion-gold-series.jpg]
[www.priyankatraders.com/product/floor-coat-emulsion.html]
[www.priyankatraders.com/images/pu-floor-coat-platinum-series.jpg]
[www.priyankatraders.com/product/tractor-uno-acrylic-distemper.html]
[www.priyankatraders.com/images/Tractor_Uno_Acrylic.jpg]
[www.priyankatraders.com/product/nerolac-beauty-acrylic-distemper.html]
[www.priyankatraders.com/images/Nerolac_ACRYLIC_DISTEMPER.jpg]
[www.priyankatraders.com/product/shalimar-no1-premium-acrylic-distemper.html]
[www.priyankatraders.com/images/Shalimar_No.1_Premium_Acrylic_Distemper.jpg]
[www.priyankatraders.com/product/tractor-sparc.html]
[www.priyankatraders.com/images/Tractor_Sparc.jpg]
[www.priyankatraders.com/product/tractor-sparc-advanced.html]
[www.priyankatraders.com/images/Tractor_Sparc_Advanced.jpg]
[www.priyankatraders.com/product/tractor-emulsion.html]
[www.priyankatraders.com/images/Tractor_Emulsion.jpg]
[www.priyankatraders.com/product/tractor-emulsion-advanced.html]
[www.priyankatraders.com/images/Tractor_Emulsion_Advanced.jpg]
[www.priyankatraders.com/product/tractor-emulsion-shyne.html]
[www.priyankatraders.com/images/Tractor_Emulsion_Shyne.jpg]
[www.priyankatraders.com/product/apcolite-premium-emulsion.html]
[www.priyankatraders.com/images/Apcolite_Premium_Emulsion.jpg]
[www.priyankatraders.com/product/apcolite-advanced-shyne.html]
[www.priyankatraders.com/images/Apcolite_Advanced_Shyne.png]
[www.priyankatraders.com/product/royale-luxury-emulsion.html]
[www.priyankatraders.com/images/Royale_Luxury_Emulsion.jpg]
[www.priyankatraders.com/product/royale-matt.html]
[www.priyankatraders.com/images/Royale_Matt.jpg]
[www.priyankatraders.com/product/royale-health-shield.html]
[www.priyankatraders.com/images/Royale_Health_Shield.jpg]
[www.priyankatraders.com/product/royale-aspira.html]
[www.priyankatraders.com/images/Royale_Aspira.jpg]
[www.priyankatraders.com/product/asian-interior-dana-lustre-solvent.html]
[www.priyankatraders.com/images/lustre_wall_finissh.jpg]
[www.priyankatraders.com/product/apcolite-premium-satin-enamel.html]
[www.priyankatraders.com/images/Apcolite_Premium_Satin_Enamel.jpg]
[www.priyankatraders.com/product/nerolac-beauty-smooth-finish.html]
[www.priyankatraders.com/images/NEROLAC_BEAUTY_SMOOTH_FINISH.jpg]
[www.priyankatraders.com/product/nerolac-beauty-sheen.html]
[www.priyankatraders.com/images/Nerolac_beauty_sheen_1_1.jpg]
[www.priyankatraders.com/product/nerolac-pearls-emulsion.html]
[www.priyankatraders.com/images/Pearls.png]
[www.priyankatraders.com/product/nerolac-impressions-24-carat.html]
[www.priyankatraders.com/images/NEROLAC_IMPRESSIONS_24_CARAT.jpg]
[www.priyankatraders.com/product/nerolac-pearl-lustre-solvent-based.html]
[www.priyankatraders.com/images/NEROLAC_PEARLS_LUSTRE_FINISH_wb.jpg]
[www.priyankatraders.com/product/nerolac-pearls-lustre-finish.html]
[www.priyankatraders.com/images/NEROLAC_PEARLS_LUSTRE_FINISH_wb_mM16p3i.jpg]
[www.priyankatraders.com/product/trucare-wall-putty.html]
[www.priyankatraders.com/images/Asian_trucare_wall_putty.png]
[www.priyankatraders.com/product/asian-smartcare-waterproofing-putty.html]
[www.priyankatraders.com/images/SmartCare_Waterproofing_Putty.jpg]
[www.priyankatraders.com/product/nerolac-cement-putty.html]
[www.priyankatraders.com/images/NEROLAC_CEMENT_PUTTY.jpg]
[www.priyankatraders.com/product/perma-plaster-putty.html]
[www.priyankatraders.com/images/Perma_waterproof_wall_putty.jpg]
[www.priyankatraders.com/product/birla-white-wallcare-putty.html]
[www.priyankatraders.com/images/birla_wall_care_putty.jpg]
[www.priyankatraders.com/product/shalimar-shakti-primer.html]
[www.priyankatraders.com/images/Shalimar_shakti_water_primer.jpg]
[www.priyankatraders.com/product/trucare-interior-wall-primer-solvent-thinnable.html]
[www.priyankatraders.com/images/Trucare_Interior_Wall_Primer_-_Solvent_Thinnable.jpg]
[www.priyankatraders.com/product/trucare-interior-wall-primer-water-thinnable.html]
[www.priyankatraders.com/images/Trucare_Interior_Wall_Primer_-_Water_Thinnable.jpg]
[www.priyankatraders.com/product/trucare-exterior-wall-primer.html]
[www.priyankatraders.com/images/Trucare_Exterior_Wall_Primer.jpg]
[www.priyankatraders.com/product/smartcare-damp-sheath-exterior.html]
[www.priyankatraders.com/images/Damp_Sheath_Exterior.jpg]
[www.priyankatraders.com/product/smartcare-damp-sheath-interior.html]
[www.priyankatraders.com/images/SmartCare_Damp_Sheath_Interior.jpg]
[www.priyankatraders.com/product/smartcare-crack-seal.html]
[www.priyankatraders.com/images/asian_paints_smartcare_1.jpg]
[www.priyankatraders.com/product/perma-crackfill-paste.html]
[www.priyankatraders.com/images/Perma_Crackfill_Paste.jpg]
[www.priyankatraders.com/product/woodtech-touchwood-interior-exterior-1kpu.html]
[www.priyankatraders.com/images/W_01.jpg]
[www.priyankatraders.com/product/woodtech-touchwood-oak-yellow.html]
[www.priyankatraders.com/images/W_02.jpg]
[www.priyankatraders.com/product/woodtech-pu-luxury-wood-finish-for-exterior.html]
[www.priyankatraders.com/images/W_03_UZXqiPy.jpg]
[www.priyankatraders.com/product/woodtech-pu-interior.html]
[www.priyankatraders.com/images/W_004.jpg]
[www.priyankatraders.com/product/woodtech-aquadur-pu-exterior-matt.html]
[www.priyankatraders.com/images/W_05.jpg]
[www.priyankatraders.com/product/woodtech-aquadur-2k-pu-for-interior.html]
[www.priyankatraders.com/images/W_06.jpg]
[www.priyankatraders.com/product/wood-tech-termishield.html]
[www.priyankatraders.com/images/W_07.jpg]
[www.priyankatraders.com/product/woodtech-melamyne.html]
[www.priyankatraders.com/images/W_08.jpg]
[www.priyankatraders.com/product/woodtech-melamyne-gold-clear.html]
[www.priyankatraders.com/images/W_09.jpg]
[www.priyankatraders.com/product/tractor-enamel.html]
[www.priyankatraders.com/images/W_10.jpg]
[www.priyankatraders.com/product/apcolite-premium-gloss-enamel.html]
[www.priyankatraders.com/images/W_11.jpg]
[www.priyankatraders.com/product/apcolite-rust-shield.html]
[www.priyankatraders.com/images/W_12.jpg]
[www.priyankatraders.com/product/indigo-pu-enamel.html]
[www.priyankatraders.com/images/A_01_CSjyE0x.jpg]
[www.priyankatraders.com/product/bonsy-spray-paint.html]
[www.priyankatraders.com/images/A_03_d5ejJ2g.jpg]
[www.priyankatraders.com/product/royale-play-metallics.html]
[www.priyankatraders.com/images/A_05_vfIftVS.jpg]
[www.priyankatraders.com/product/apex-createx.html]
[www.priyankatraders.com/images/A_07_aj5D9H7.jpg]
[www.priyankatraders.com/product/painting-brush.html]
[www.priyankatraders.com/images/painting-brush-500x500.jpg]
[www.priyankatraders.com/product/painting-roller.html]
[www.priyankatraders.com/images/paint-roller-brushes-500x500.jpg]
[www.priyankatraders.com/product/texture-roller-brush.html]
[www.priyankatraders.com/images/texture-roller.jpg]
[www.priyankatraders.com/product/sand-paper.html]
[www.priyankatraders.com/images/sand-paper-500x500.jpg]
[www.priyankatraders.com/product/scrapper.html]
[www.priyankatraders.com/images/SCRAPPER.jpg]
[www.priyankatraders.com/category/paints.html]
[www.priyankatraders.com/product/bib-cock.html]
[www.priyankatraders.com/product/pillar-cock.html]
[www.priyankatraders.com/product/angle-cock.html]
[www.priyankatraders.com/product/sink-cock.html]
[www.priyankatraders.com/product/swan-neck-cock.html]
[www.priyankatraders.com/product/wall-mixer.html]
[www.priyankatraders.com/product/divertors.html]
[www.priyankatraders.com/product/flush-cock.html]
[www.priyankatraders.com/product/sensor-taps.html]
[www.priyankatraders.com/product/concealed-stop-cock.html]
[www.priyankatraders.com/images/F_10.jpg]
[www.priyankatraders.com/product/pressmatic-tap.html]
[www.priyankatraders.com/images/F_12.jpg]
[www.priyankatraders.com/product/showers.html]
[www.priyankatraders.com/images/F_13.jpg]
[www.priyankatraders.com/product/health-faucet.html]
[www.priyankatraders.com/images/F_14.jpg]
[www.priyankatraders.com/product/waste-coupling.html]
[www.priyankatraders.com/images/F_15.jpg]
[www.priyankatraders.com/product/shower-column.html]
[www.priyankatraders.com/images/W_01_54hh15i.jpg]
[www.priyankatraders.com/product/bathtub.html]
[www.priyankatraders.com/images/W_03_s1Tq8Xe.jpg]
[www.priyankatraders.com/product/glass-shelf.html]
[www.priyankatraders.com/images/A_01.jpg]
[www.priyankatraders.com/product/towel-rack.html]
[www.priyankatraders.com/images/A_02.jpg]
[www.priyankatraders.com/product/towel-bar.html]
[www.priyankatraders.com/images/A_03.jpg]
[www.priyankatraders.com/product/towel-ring.html]
[www.priyankatraders.com/images/A_04.jpg]
[www.priyankatraders.com/product/soap-dispenser.html]
[www.priyankatraders.com/images/A_06.jpg]
[www.priyankatraders.com/product/robe-hook.html]
[www.priyankatraders.com/images/A_07.jpg]
[www.priyankatraders.com/product/hook-platehook-patti.html]
[www.priyankatraders.com/images/A_08.jpg]
[www.priyankatraders.com/product/tumbler-holder.html]
[www.priyankatraders.com/images/A_09.jpg]
[www.priyankatraders.com/product/toilet-tissue-paper-holder.html]
[www.priyankatraders.com/images/A_10.jpg]
[www.priyankatraders.com/product/bathroom-mirror.html]
[www.priyankatraders.com/images/A_11.jpg]
[www.priyankatraders.com/category/bathroom-accessories.html]
[www.priyankatraders.com/product/nails-screws-and-fasteners.html]
[www.priyankatraders.com/product/padlocks-and-hasps.html]
[www.priyankatraders.com/product/screwdriver.html]
[www.priyankatraders.com/product/hand-tools.html]
[www.priyankatraders.com/product/hammer.html]
[www.priyankatraders.com/product/garden-tools.html]
[www.priyankatraders.com/product/parda-pie-and-bracket.html]
[www.priyankatraders.com/product/measuring-tapes.html]
[www.priyankatraders.com/category/hardware.html]
[www.priyankatraders.com/product/cutting-blades.html]
[www.priyankatraders.com/product/drill-machines.html]
[www.priyankatraders.com/product/air-blower.html]
[www.priyankatraders.com/product/hand-grinder.html]
[www.priyankatraders.com/product/marble-cutter-tile-cutter.html]
[www.priyankatraders.com/product/wall-sander.html]
[www.priyankatraders.com/images/cpvc_pipes_fitings.jpg]
[www.priyankatraders.com/product/cpvc-pipes-and-fittings.html]
[www.priyankatraders.com/images/upvc_pipes.jpg]
[www.priyankatraders.com/product/upvc-pipe-fittings.html]
[www.priyankatraders.com/images/swr-pipes-fittings.jpg]
[www.priyankatraders.com/product/swr-pipes-and-fittings.html]
[www.priyankatraders.com/images/uPVC-underground-drainage-Pipes-Fiitings-dubai.jpg]
[www.priyankatraders.com/product/under-ground-pipes-and-fittings.html]
[www.priyankatraders.com/images/sintex-water-tank-500x500.jpg]
[www.priyankatraders.com/product/water-storage-tanks.html]
[www.priyankatraders.com/images/pvc-flush-tank-500x500.jpg]
[www.priyankatraders.com/product/flush-tanks.html]
[www.priyankatraders.com/images/ptmt-tap.jpg]
[www.priyankatraders.com/product/ptmt-taps.html]
[www.priyankatraders.com/product/water-heater.html]
[www.priyankatraders.com/product/water-pumps.html]
[www.priyankatraders.com/category/electric-appliances.html]
[www.priyankatraders.com/product/surksha-plus.html]
[www.priyankatraders.com/product/nerolac-suraksha-dust-resist.html]
[www.priyankatraders.com/product/suraksha-advanced.html]
[www.priyankatraders.com/product/suraksha-sheen.html]
[www.priyankatraders.com/product/excel-total.html]
[www.priyankatraders.com/product/excel-mica-marble.html]
[www.priyankatraders.com/product/exterior-emulsion.html]
[www.priyankatraders.com/product/floor-coat-emulsion.html]
[www.priyankatraders.com/product/tractor-uno-acrylic-distemper.html]
[www.priyankatraders.com/product/nerolac-beauty-acrylic-distemper.html]
[www.priyankatraders.com/product/shalimar-no1-premium-acrylic-distemper.html]
[www.priyankatraders.com/product/tractor-sparc.html]
[www.priyankatraders.com/product/tractor-sparc-advanced.html]
[www.priyankatraders.com/product/tractor-emulsion.html]
[www.priyankatraders.com/product/tractor-emulsion-advanced.html]
[www.priyankatraders.com/product/tractor-emulsion-shyne.html]
[www.priyankatraders.com/product/apcolite-premium-emulsion.html]
[www.priyankatraders.com/product/apcolite-advanced-shyne.html]
[www.priyankatraders.com/product/royale-luxury-emulsion.html]
[www.priyankatraders.com/product/royale-matt.html]
[www.priyankatraders.com/product/royale-health-shield.html]
[www.priyankatraders.com/product/royale-aspira.html]
[www.priyankatraders.com/product/asian-interior-dana-lustre-solvent.html]
[www.priyankatraders.com/product/apcolite-premium-satin-enamel.html]
[www.priyankatraders.com/product/nerolac-beauty-smooth-finish.html]
[www.priyankatraders.com/product/nerolac-beauty-sheen.html]
[www.priyankatraders.com/product/nerolac-pearls-emulsion.html]
[www.priyankatraders.com/product/nerolac-impressions-24-carat.html]
[www.priyankatraders.com/product/nerolac-pearl-lustre-solvent-based.html]
[www.priyankatraders.com/product/nerolac-pearls-lustre-finish.html]
[www.priyankatraders.com/product/trucare-wall-putty.html]
[www.priyankatraders.com/product/asian-smartcare-waterproofing-putty.html]
[www.priyankatraders.com/product/nerolac-cement-putty.html]
[www.priyankatraders.com/product/perma-plaster-putty.html]
[www.priyankatraders.com/product/birla-white-wallcare-putty.html]
[www.priyankatraders.com/product/shalimar-shakti-primer.html]
[www.priyankatraders.com/product/trucare-interior-wall-primer-solvent-thinnable.html]
[www.priyankatraders.com/product/trucare-interior-wall-primer-water-thinnable.html]
[www.priyankatraders.com/product/trucare-exterior-wall-primer.html]
[www.priyankatraders.com/product/smartcare-damp-sheath-exterior.html]
[www.priyankatraders.com/product/smartcare-damp-sheath-interior.html]
[www.priyankatraders.com/product/smartcare-crack-seal.html]
[www.priyankatraders.com/product/perma-crackfill-paste.html]
[www.priyankatraders.com/product/woodtech-touchwood-interior-exterior-1kpu.html]
[www.priyankatraders.com/product/woodtech-touchwood-oak-yellow.html]
[www.priyankatraders.com/product/woodtech-pu-luxury-wood-finish-for-exterior.html]
[www.priyankatraders.com/product/woodtech-pu-interior.html]
[www.priyankatraders.com/product/woodtech-aquadur-pu-exterior-matt.html]
[www.priyankatraders.com/product/woodtech-aquadur-2k-pu-for-interior.html]
[www.priyankatraders.com/product/wood-tech-termishield.html]
[www.priyankatraders.com/product/woodtech-melamyne.html]
[www.priyankatraders.com/product/woodtech-melamyne-gold-clear.html]
[www.priyankatraders.com/product/tractor-enamel.html]
[www.priyankatraders.com/product/apcolite-premium-gloss-enamel.html]
[www.priyankatraders.com/product/apcolite-rust-shield.html]
[www.priyankatraders.com/product/indigo-pu-enamel.html]
[www.priyankatraders.com/product/bonsy-spray-paint.html]
[www.priyankatraders.com/product/royale-play-metallics.html]
[www.priyankatraders.com/product/apex-createx.html]
[www.priyankatraders.com/product/painting-brush.html]
[www.priyankatraders.com/product/painting-roller.html]
[www.priyankatraders.com/product/texture-roller-brush.html]
[www.priyankatraders.com/product/sand-paper.html]
[www.priyankatraders.com/product/scrapper.html]
[www.priyankatraders.com/product/concealed-stop-cock.html]
[www.priyankatraders.com/product/pressmatic-tap.html]
[www.priyankatraders.com/product/showers.html]
[www.priyankatraders.com/product/health-faucet.html]
[www.priyankatraders.com/product/waste-coupling.html]
[www.priyankatraders.com/product/shower-column.html]
[www.priyankatraders.com/product/bathtub.html]
[www.priyankatraders.com/product/glass-shelf.html]
[www.priyankatraders.com/product/towel-rack.html]
[www.priyankatraders.com/product/towel-bar.html]
[www.priyankatraders.com/product/towel-ring.html]
[www.priyankatraders.com/product/soap-dispenser.html]
[www.priyankatraders.com/product/robe-hook.html]
[www.priyankatraders.com/product/hook-platehook-patti.html]
[www.priyankatraders.com/product/tumbler-holder.html]
[www.priyankatraders.com/product/toilet-tissue-paper-holder.html]
[www.priyankatraders.com/product/bathroom-mirror.html]
[www.priyankatraders.com/product/cpvc-pipes-and-fittings.html]
[www.priyankatraders.com/product/upvc-pipe-fittings.html]
[www.priyankatraders.com/product/swr-pipes-and-fittings.html]
[www.priyankatraders.com/product/under-ground-pipes-and-fittings.html]
[www.priyankatraders.com/product/water-storage-tanks.html]
[www.priyankatraders.com/product/flush-tanks.html]
[www.priyankatraders.com/product/ptmt-taps.html]
[www.priyankatraders.com/category/plumbing.html]
[www.priyankatraders.com/category/plumbing.html]
